I'm sorry, but errors were detected in your script. Please correct the
errors listed below, and try again.


File "game/script.rpy", line 33: Line is indented, but the preceding define statement statement does not expect a block. Please check this line's indentation.
    config.adjust_view_size = (800,600)
    ^

Ren'Py Version: Ren'Py 7.3.5.606
Tue Jul 28 15:15:22 2020
